{
  "bar/bar.css": { "bar": "_bar_12cy6_1" },
  "foo.css": { "foo": "_foo_1829j_1" }
}
