{
  "foo.css": {
    "bar": "_bar_ekk6z_1",
    "foo": "_foo_ekk6z_3"
  }
}
