{
  "foo.css": {
    "foo": "_foo_15vu9_1 _bar_12cy6_1"
  }
}
